
There are no discarded input sections

Memory Configuration

Name             Origin             Length             Attributes
mem              0x00000000         0x00001000
*default*        0x00000000         0xffffffff

Linker script and memory map


.memory         0x00000000      0x3cc
                0x00000000                        . = 0x0
 start*(.text)
 *(.text)
 .text          0x00000000        0xc ./start.o
                0x00000000                start
 .text          0x0000000c      0x324 ./main.o
                0x0000000c                uart_send_char
                0x00000070                uart_send_str
                0x000000dc                uart_receive_char
                0x00000128                uart_receive_str
                0x000001b8                delay_long
                0x00000240                delay_short
                0x000002bc                main
 *(*)
 .data          0x00000330        0x0 ./start.o
 .bss           0x00000330        0x0 ./start.o
 .riscv.attributes
                0x00000330       0x1a ./start.o
 .data          0x0000034a        0x0 ./main.o
 .bss           0x0000034a        0x0 ./main.o
 *fill*         0x0000034a        0x2 
 .rodata        0x0000034c       0x48 ./main.o
 .comment       0x00000394       0x1b ./main.o
                                 0x1c (size before relaxing)
 .note.GNU-stack
                0x000003af        0x0 ./main.o
 .riscv.attributes
                0x000003af       0x1c ./main.o
                0x000003cb                        end = .
                0x000003cc                        . = ALIGN (0x4)
 *fill*         0x000003cb        0x1 
LOAD ./start.o
LOAD ./main.o
LOAD /opt/riscv32i/lib/gcc/riscv32-unknown-elf/14.2.0/libgcc.a
OUTPUT(firmware.elf elf32-littleriscv)
